---
source: parser/src/parser/expressions/return_expr.rs
expression: "crate::utils::dump_debug(&parser_output)"
---
SOURCE_FILE@[0; 19)
  FN_DEF@[0; 19)
    FN_KW@[0; 2) "fn"
    WHITESPACE@[2; 3) " "
    NAME@[3; 7)
      IDENT@[3; 7) "main"
    PARAM_LIST@[7; 9)
      L_PAREN@[7; 8) "("
      R_PAREN@[8; 9) ")"
    WHITESPACE@[9; 10) " "
    BLOCK_EXPR@[10; 19)
      BLOCK@[10; 19)
        L_CURLY@[10; 11) "{"
        EXPR_STMT@[11; 17)
          RETURN_EXPR@[11; 17)
            RETURN_KW@[11; 17) "return"
        SEMI@[17; 18) ";"
        R_CURLY@[18; 19) "}"

