---
created: "2019-08-25T20:31:07.727083Z"
creator: insta@0.8.2
source: parser/src/parser/expressions/return_expr.rs
expression: "crate::utils::dump_debug(&parser_output)"
---
SOURCE_FILE@[0; 17)
  FN_DEF@[0; 17)
    FN_KW@[0; 2) "fn"
    NAME@[2; 6)
      IDENT@[2; 6) "main"
    PARAM_LIST@[6; 8)
      L_PAREN@[6; 7) "("
      R_PAREN@[7; 8) ")"
    BLOCK@[8; 17)
      L_CURLY@[8; 9) "{"
      RETURN_EXPR@[9; 15)
        RETURN_KW@[9; 15) "return"
      SEMI@[15; 16) ";"
      R_CURLY@[16; 17) "}"

