---
created: "2019-08-25T20:39:32.378422Z"
creator: insta@0.8.2
source: parser/src/parser/expressions/let_expr.rs
expression: "crate::utils::dump_debug(&parser_output)"
---
SOURCE_FILE@[0; 30)
  FN_DEF@[0; 30)
    FN_KW@[0; 2) "fn"
    NAME@[2; 6)
      IDENT@[2; 6) "main"
    PARAM_LIST@[6; 8)
      L_PAREN@[6; 7) "("
      R_PAREN@[7; 8) ")"
    BLOCK@[8; 30)
      L_CURLY@[8; 9) "{"
      LET_STMT@[9; 18)
        LET_KW@[9; 12) "let"
        BIND_PAT@[12; 15)
          NAME@[12; 15)
            IDENT@[12; 15) "foo"
        EQ@[15; 16) "="
        LITERAL@[16; 18)
          INT_NUMBER@[16; 18) "10"
      SEMI@[18; 19) ";"
      LET_STMT@[19; 29)
        LET_KW@[19; 22) "let"
        BIND_PAT@[22; 25)
          NAME@[22; 25)
            IDENT@[22; 25) "bar"
        EQ@[25; 26) "="
        LITERAL@[26; 29)
          STRING@[26; 29) "\"a\""
      R_CURLY@[29; 30) "}"

