---
created: "2019-08-25T20:39:32.378555Z"
creator: insta@0.8.2
source: parser/src/parser/expressions/let_expr.rs
expression: "crate::utils::dump_debug(&parser_output)"
---
SOURCE_FILE@[0; 38)
  FN_DEF@[0; 38)
    FN_KW@[0; 2) "fn"
    NAME@[2; 6)
      IDENT@[2; 6) "main"
    PARAM_LIST@[6; 8)
      L_PAREN@[6; 7) "("
      R_PAREN@[7; 8) ")"
    BLOCK@[8; 38)
      L_CURLY@[8; 9) "{"
      LET_STMT@[9; 19)
        LET_KW@[9; 12) "let"
        BIND_PAT@[12; 15)
          NAME@[12; 15)
            IDENT@[12; 15) "foo"
        COLON@[15; 16) ":"
        IDENT_TYPE@[16; 19)
          IDENT@[16; 19) "i32"
      SEMI@[19; 20) ";"
      LET_STMT@[20; 36)
        LET_KW@[20; 23) "let"
        BIND_PAT@[23; 26)
          NAME@[23; 26)
            IDENT@[23; 26) "bar"
        COLON@[26; 27) ":"
        PAREN_TYPE@[27; 36)
          L_PAREN@[27; 28) "("
          IDENT_TYPE@[28; 31)
            IDENT@[28; 31) "i32"
          COMMA@[31; 32) ","
          IDENT_TYPE@[32; 35)
            IDENT@[32; 35) "i32"
          R_PAREN@[35; 36) ")"
      SEMI@[36; 37) ";"
      R_CURLY@[37; 38) "}"

