---
created: "2020-02-03T16:29:14.827080Z"
creator: insta@0.8.2
source: parser/src/parser/expressions/literal.rs
expression: "crate::utils::dump_debug(&parser_output)"
---
SOURCE_FILE@[0; 23)
  FN_DEF@[0; 23)
    FN_KW@[0; 2) "fn"
    NAME@[2; 7)
      WHITESPACE@[2; 3) " "
      IDENT@[3; 7) "main"
    PARAM_LIST@[7; 9)
      L_PAREN@[7; 8) "("
      R_PAREN@[8; 9) ")"
    WHITESPACE@[9; 10) " "
    BLOCK@[10; 23)
      L_CURLY@[10; 11) "{"
      EXPR_STMT@[11; 15)
        LITERAL@[11; 15)
          TRUE_KW@[11; 15) "true"
      SEMI@[15; 16) ";"
      EXPR_STMT@[16; 21)
        LITERAL@[16; 21)
          FALSE_KW@[16; 21) "false"
      SEMI@[21; 22) ";"
      R_CURLY@[22; 23) "}"

