---
created: "2020-03-03T19:30:54.384648Z"
creator: insta@0.8.2
source: parser/src/parser/expressions/block.rs
expression: "crate::utils::dump_debug(&parser_output)"
---
SOURCE_FILE@[0; 72)
  FN_DEF@[0; 72)
    FN_KW@[0; 2) "fn"
    WHITESPACE@[2; 3) " "
    NAME@[3; 7)
      IDENT@[3; 7) "main"
    PARAM_LIST@[7; 10)
      L_PAREN@[7; 8) "("
      R_PAREN@[8; 9) ")"
      WHITESPACE@[9; 10) " "
    BLOCK_EXPR@[10; 72)
      BLOCK@[10; 72)
        L_CURLY@[10; 11) "{"
        BLOCK_EXPR@[11; 71)
          BLOCK@[11; 71)
            L_CURLY@[11; 12) "{"
            WHITESPACE@[12; 21) "\n        "
            LET_STMT@[21; 31)
              LET_KW@[21; 24) "let"
              WHITESPACE@[24; 25) " "
              BIND_PAT@[25; 27)
                NAME@[25; 27)
                  IDENT@[25; 26) "x"
                  WHITESPACE@[26; 27) " "
              EQ@[27; 28) "="
              WHITESPACE@[28; 29) " "
              LITERAL@[29; 31)
                INT_NUMBER@[29; 31) "10"
            SEMI@[31; 32) ";"
            WHITESPACE@[32; 41) "\n        "
            EXPR_STMT@[41; 46)
              BREAK_EXPR@[41; 46)
                BREAK_KW@[41; 46) "break"
            SEMI@[46; 47) ";"
            WHITESPACE@[47; 56) "\n        "
            EXPR_STMT@[56; 64)
              CONTINUE_EXPR@[56; 64)
                CONTINUE_KW@[56; 64) "continue"
            SEMI@[64; 65) ";"
            WHITESPACE@[65; 70) "\n    "
            R_CURLY@[70; 71) "}"
        R_CURLY@[71; 72) "}"

