---
created: "2019-08-25T20:31:07.678620Z"
creator: insta@0.8.2
source: parser/src/parser/expressions/binary.rs
expression: "crate::utils::dump_debug(&parser_output)"
---
SOURCE_FILE@[0; 14)
  FN_DEF@[0; 14)
    FN_KW@[0; 2) "fn"
    NAME@[2; 6)
      IDENT@[2; 6) "main"
    PARAM_LIST@[6; 8)
      L_PAREN@[6; 7) "("
      R_PAREN@[7; 8) ")"
    BLOCK@[8; 14)
      L_CURLY@[8; 9) "{"
      EXPR_STMT@[9; 12)
        BIN_EXPR@[9; 12)
          LITERAL@[9; 10)
            INT_NUMBER@[9; 10) "1"
          PLUS@[10; 11) "+"
          LITERAL@[11; 12)
            INT_NUMBER@[11; 12) "1"
      SEMI@[12; 13) ";"
      R_CURLY@[13; 14) "}"

