---
created: "2019-08-13T22:01:19.967651Z"
creator: insta@0.8.2
source: parser/src/parser/classes.rs
expression: "crate::utils::dump_debug(&parser_output)"
---
SOURCE_FILE@[0; 40)
  CLASS_DEF@[0; 40)
    CLASS_KW@[0; 5) "class"
    NAME@[5; 11)
      IDENT@[5; 11) "Person"
    L_CURLY@[11; 12) "{"
    NAMED_FIELD_DEF@[12; 24)
      NAME@[12; 16)
        IDENT@[12; 16) "name"
      COLON@[16; 17) ":"
      IDENT_TYPE@[17; 23)
        IDENT@[17; 23) "String"
      SEMI@[23; 24) ";"
    NAMED_FIELD_DEF@[24; 39)
      NAME@[24; 31)
        IDENT@[24; 31) "surname"
      COLON@[31; 32) ":"
      IDENT_TYPE@[32; 38)
        IDENT@[32; 38) "String"
      SEMI@[38; 39) ";"
    R_CURLY@[39; 40) "}"

