---
created: "2020-03-01T23:46:21.176365Z"
creator: insta@0.8.2
source: parser/src/parser/classes.rs
expression: "crate::utils::dump_debug(&parser_output)"
---
SOURCE_FILE@[0; 65)
  CLASS_DEF@[0; 65)
    CLASS_KW@[0; 5) "class"
    WHITESPACE@[5; 6) " "
    NAME@[6; 12)
      IDENT@[6; 12) "Person"
    WHITESPACE@[12; 13) " "
    L_CURLY@[13; 14) "{"
    WHITESPACE@[14; 15) " "
    NAMED_FIELD_DEF@[15; 27)
      NAME@[15; 19)
        IDENT@[15; 19) "name"
      COLON@[19; 20) ":"
      IDENT_TYPE@[20; 26)
        IDENT@[20; 26) "String"
      SEMI@[26; 27) ";"
    WHITESPACE@[27; 28) " "
    NAMED_FIELD_DEF@[28; 43)
      NAME@[28; 35)
        IDENT@[28; 35) "surname"
      COLON@[35; 36) ":"
      IDENT_TYPE@[36; 42)
        IDENT@[36; 42) "String"
      SEMI@[42; 43) ";"
    WHITESPACE@[43; 44) " "
    FN_DEF@[44; 64)
      FN_KW@[44; 46) "fn"
      WHITESPACE@[46; 47) " "
      NAME@[47; 50)
        IDENT@[47; 50) "new"
      PARAM_LIST@[50; 52)
        L_PAREN@[50; 51) "("
        R_PAREN@[51; 52) ")"
      WHITESPACE@[52; 53) " "
      RET_TYPE@[53; 62)
        FRETURN@[53; 54) "-"
        WHITESPACE@[54; 55) " "
        IDENT_TYPE@[55; 62)
          IDENT@[55; 61) "Person"
          WHITESPACE@[61; 62) " "
      BLOCK_EXPR@[62; 64)
        BLOCK@[62; 64)
          L_CURLY@[62; 63) "{"
          R_CURLY@[63; 64) "}"
    R_CURLY@[64; 65) "}"

