---
created: "2019-08-14T07:46:23.490814Z"
creator: insta@0.8.2
source: parser/src/parser/type_alias.rs
expression: "crate::utils::dump_debug(&parser_output)"
---
SOURCE_FILE@[0; 34)
  TYPE_ALIAS_DEF@[0; 34)
    TYPE_KW@[0; 4) "type"
    NAME@[4; 15)
      IDENT@[4; 15) "ParseResult"
    TYPE_PARAM_LIST@[15; 18)
      L_ANGLE@[15; 16) "<"
      IDENT_TYPE@[16; 17)
        IDENT@[16; 17) "T"
      R_ANGLE@[17; 18) ">"
    EQ@[18; 19) "="
    IDENT_TYPE@[19; 33)
      IDENT@[19; 25) "Result"
      TYPE_PARAM_LIST@[25; 33)
        L_ANGLE@[25; 26) "<"
        TYPE_PARAM@[26; 27)
          NAME@[26; 27)
            IDENT@[26; 27) "T"
        COMMA@[27; 28) ","
        TYPE_PARAM@[28; 32)
          NAME@[28; 32)
            VOID_KW@[28; 32) "void"
        R_ANGLE@[32; 33) ">"
    SEMI@[33; 34) ";"

