---
created: "2019-08-11T21:50:37.801710Z"
creator: insta@0.8.2
source: parser/src/parser/pattern.rs
expression: "crate::utils::dump_debug(&parser_output)"
---
SOURCE_FILE@[0; 23)
  FN_DEF@[0; 21)
    FN_KW@[0; 2) "fn"
    NAME@[2; 6)
      IDENT@[2; 6) "main"
    PARAM_LIST@[6; 21)
      L_PAREN@[6; 7) "("
      PARAM@[7; 20)
        TUPLE_PAT@[7; 16)
          L_PAREN@[7; 8) "("
          PLACEHOLDER_PAT@[8; 9)
            NAME@[8; 9)
              IDENT@[8; 9) "x"
          COMMA@[9; 10) ","
          TUPLE_PAT@[10; 15)
            L_PAREN@[10; 11) "("
            PLACEHOLDER_PAT@[11; 12)
              NAME@[11; 12)
                IDENT@[11; 12) "y"
            COMMA@[12; 13) ","
            PLACEHOLDER_PAT@[13; 14)
              UNDERSCORE@[13; 14) "_"
            R_PAREN@[14; 15) ")"
          R_PAREN@[15; 16) ")"
        COLON@[16; 17) ":"
        IDENT_TYPE@[17; 20)
          IDENT@[17; 20) "i32"
      R_PAREN@[20; 21) ")"
  L_CURLY@[21; 22) "{"
  R_CURLY@[22; 23) "}"

