---
created: "2019-08-12T09:36:54.349037Z"
creator: insta@0.8.2
source: parser/src/parser/enums.rs
expression: "crate::utils::dump_debug(&parser_output)"
---
SOURCE_FILE@[0; 29)
  ENUM_DEF@[0; 29)
    ENUM_KW@[0; 4) "enum"
    NAME@[4; 10)
      IDENT@[4; 10) "Result"
    TYPE_PARAM_LIST@[10; 15)
      L_ANGLE@[10; 11) "<"
      TYPE_PARAM@[11; 12)
        NAME@[11; 12)
          IDENT@[11; 12) "T"
      COMMA@[12; 13) ","
      TYPE_PARAM@[13; 14)
        NAME@[13; 14)
          IDENT@[13; 14) "E"
      R_ANGLE@[14; 15) ">"
    ENUM_VARIANT_LIST@[15; 29)
      L_CURLY@[15; 16) "{"
      ENUM_VARIANT@[16; 21)
        NAME@[16; 18)
          IDENT@[16; 18) "Ok"
        L_PAREN@[18; 19) "("
        IDENT_TYPE@[19; 20)
          IDENT@[19; 20) "T"
        R_PAREN@[20; 21) ")"
      COMMA@[21; 22) ","
      ENUM_VARIANT@[22; 28)
        NAME@[22; 25)
          IDENT@[22; 25) "Err"
        L_PAREN@[25; 26) "("
        IDENT_TYPE@[26; 27)
          IDENT@[26; 27) "E"
        R_PAREN@[27; 28) ")"
      R_CURLY@[28; 29) "}"

