---
created: "2020-03-03T19:49:23.986125Z"
creator: insta@0.8.2
source: syntax/src/lexer.rs
expression: tokens
---
[
    Span {
        value: Token {
            kind: COMMENT,
            len: 35,
        },
        start: Position {
            column: 1,
            line: 1,
            absolute: 0,
        },
        end: Position {
            column: 36,
            line: 1,
            absolute: 35,
        },
    },
    Span {
        value: Token {
            kind: EOF,
            len: 1,
        },
        start: Position {
            column: 36,
            line: 1,
            absolute: 35,
        },
        end: Position {
            column: 36,
            line: 1,
            absolute: 35,
        },
    },
]
